
  You can now view your Streamlit app in your browser.

  Local URL: http://localhost:8504
  Network URL: http://198.18.0.1:8504
  External URL: http://61.227.204.61:8504

  For better performance, install the Watchdog module:

  $ xcode-select --install
  $ pip install watchdog
            

  You can now view your Streamlit app in your browser.

  Local URL: http://localhost:8504
  Network URL: http://198.18.0.1:8504
  External URL: http://160.16.133.57:8504

  For better performance, install the Watchdog module:

  $ xcode-select --install
  $ pip install watchdog
            

  You can now view your Streamlit app in your browser.

  Local URL: http://localhost:8504
  Network URL: http://198.18.0.1:8504
  External URL: http://160.16.224.6:8504

  For better performance, install the Watchdog module:

  $ xcode-select --install
  $ pip install watchdog
            

  You can now view your Streamlit app in your browser.

  Local URL: http://localhost:8504
  Network URL: http://198.18.0.1:8504
  External URL: http://160.16.224.6:8504

  For better performance, install the Watchdog module:

  $ xcode-select --install
  $ pip install watchdog
            

  You can now view your Streamlit app in your browser.

  Local URL: http://localhost:8504
  Network URL: http://198.18.0.1:8504
  External URL: http://160.16.224.6:8504

  For better performance, install the Watchdog module:

  $ xcode-select --install
  $ pip install watchdog
            

  You can now view your Streamlit app in your browser.

  Local URL: http://localhost:8504
  Network URL: http://198.18.0.1:8504
  External URL: http://142.91.109.189:8504

  For better performance, install the Watchdog module:

  $ xcode-select --install
  $ pip install watchdog
            

  You can now view your Streamlit app in your browser.

  Local URL: http://localhost:8504
  Network URL: http://198.18.0.1:8504
  External URL: http://61.227.204.61:8504

  For better performance, install the Watchdog module:

  $ xcode-select --install
  $ pip install watchdog
            
  Stopping...
