/Users/zhefeng/Desktop/Vibe Coding/Data Visualiztion/.venv/lib/python3.10/site-packages/openpyxl/reader/workbook.py:84: UserWarning: File contains an invalid specification for 0. This will be removed
  warn(msg)
/Users/zhefeng/Desktop/Vibe Coding/Data Visualiztion/.venv/lib/python3.10/site-packages/openpyxl/reader/workbook.py:102: UserWarning: Defined names for sheet index 2 cannot be located
  warn(f"Defined names for sheet index {idx} cannot be located")
/Users/zhefeng/Desktop/Vibe Coding/Data Visualiztion/.venv/lib/python3.10/site-packages/openpyxl/reader/workbook.py:102: UserWarning: Defined names for sheet index 0 cannot be located
  warn(f"Defined names for sheet index {idx} cannot be located")
/Users/zhefeng/Desktop/Vibe Coding/Data Visualiztion/.venv/lib/python3.10/site-packages/openpyxl/reader/workbook.py:102: UserWarning: Defined names for sheet index 3 cannot be located
  warn(f"Defined names for sheet index {idx} cannot be located")
/Users/zhefeng/Desktop/Vibe Coding/Data Visualiztion/.venv/lib/python3.10/site-packages/openpyxl/reader/workbook.py:102: UserWarning: Defined names for sheet index 1 cannot be located
  warn(f"Defined names for sheet index {idx} cannot be located")
/Users/zhefeng/Desktop/Vibe Coding/Data Visualiztion/.venv/lib/python3.10/site-packages/openpyxl/reader/workbook.py:102: UserWarning: Defined names for sheet index 4 cannot be located
  warn(f"Defined names for sheet index {idx} cannot be located")
/Users/zhefeng/Desktop/Vibe Coding/Data Visualiztion/.venv/lib/python3.10/site-packages/openpyxl/reader/workbook.py:102: UserWarning: Defined names for sheet index 5 cannot be located
  warn(f"Defined names for sheet index {idx} cannot be located")
/Users/zhefeng/Desktop/Vibe Coding/Data Visualiztion/.venv/lib/python3.10/site-packages/openpyxl/reader/workbook.py:102: UserWarning: Defined names for sheet index 6 cannot be located
  warn(f"Defined names for sheet index {idx} cannot be located")
/Users/zhefeng/Desktop/Vibe Coding/Data Visualiztion/.venv/lib/python3.10/site-packages/openpyxl/reader/workbook.py:102: UserWarning: Defined names for sheet index 7 cannot be located
  warn(f"Defined names for sheet index {idx} cannot be located")
/Users/zhefeng/Desktop/Vibe Coding/Data Visualiztion/.venv/lib/python3.10/site-packages/openpyxl/reader/workbook.py:102: UserWarning: Defined names for sheet index 8 cannot be located
  warn(f"Defined names for sheet index {idx} cannot be located")
/Users/zhefeng/Desktop/Vibe Coding/Data Visualiztion/.venv/lib/python3.10/site-packages/openpyxl/reader/workbook.py:102: UserWarning: Defined names for sheet index 9 cannot be located
  warn(f"Defined names for sheet index {idx} cannot be located")
/Users/zhefeng/Desktop/Vibe Coding/Data Visualiztion/.venv/lib/python3.10/site-packages/openpyxl/reader/workbook.py:102: UserWarning: Defined names for sheet index 10 cannot be located
  warn(f"Defined names for sheet index {idx} cannot be located")
2026-04-16 14:18:12.308 Please replace `use_container_width` with `width`.

`use_container_width` will be removed after 2025-12-31.

For `use_container_width=True`, use `width='stretch'`. For `use_container_width=False`, use `width='content'`.
2026-04-16 14:18:12.406 Please replace `use_container_width` with `width`.

`use_container_width` will be removed after 2025-12-31.

For `use_container_width=True`, use `width='stretch'`. For `use_container_width=False`, use `width='content'`.
2026-04-16 14:18:12.824 Please replace `use_container_width` with `width`.

`use_container_width` will be removed after 2025-12-31.

For `use_container_width=True`, use `width='stretch'`. For `use_container_width=False`, use `width='content'`.
2026-04-16 14:18:12.994 Please replace `use_container_width` with `width`.

`use_container_width` will be removed after 2025-12-31.

For `use_container_width=True`, use `width='stretch'`. For `use_container_width=False`, use `width='content'`.
2026-04-16 14:18:13.333 Please replace `use_container_width` with `width`.

`use_container_width` will be removed after 2025-12-31.

For `use_container_width=True`, use `width='stretch'`. For `use_container_width=False`, use `width='content'`.
/Users/zhefeng/Desktop/Vibe Coding/Data Visualiztion/.venv/lib/python3.10/site-packages/openpyxl/reader/workbook.py:84: UserWarning: File contains an invalid specification for 0. This will be removed
  warn(msg)
/Users/zhefeng/Desktop/Vibe Coding/Data Visualiztion/.venv/lib/python3.10/site-packages/openpyxl/reader/workbook.py:102: UserWarning: Defined names for sheet index 2 cannot be located
  warn(f"Defined names for sheet index {idx} cannot be located")
/Users/zhefeng/Desktop/Vibe Coding/Data Visualiztion/.venv/lib/python3.10/site-packages/openpyxl/reader/workbook.py:102: UserWarning: Defined names for sheet index 0 cannot be located
  warn(f"Defined names for sheet index {idx} cannot be located")
/Users/zhefeng/Desktop/Vibe Coding/Data Visualiztion/.venv/lib/python3.10/site-packages/openpyxl/reader/workbook.py:102: UserWarning: Defined names for sheet index 3 cannot be located
  warn(f"Defined names for sheet index {idx} cannot be located")
/Users/zhefeng/Desktop/Vibe Coding/Data Visualiztion/.venv/lib/python3.10/site-packages/openpyxl/reader/workbook.py:102: UserWarning: Defined names for sheet index 1 cannot be located
  warn(f"Defined names for sheet index {idx} cannot be located")
/Users/zhefeng/Desktop/Vibe Coding/Data Visualiztion/.venv/lib/python3.10/site-packages/openpyxl/reader/workbook.py:102: UserWarning: Defined names for sheet index 4 cannot be located
  warn(f"Defined names for sheet index {idx} cannot be located")
/Users/zhefeng/Desktop/Vibe Coding/Data Visualiztion/.venv/lib/python3.10/site-packages/openpyxl/reader/workbook.py:102: UserWarning: Defined names for sheet index 5 cannot be located
  warn(f"Defined names for sheet index {idx} cannot be located")
/Users/zhefeng/Desktop/Vibe Coding/Data Visualiztion/.venv/lib/python3.10/site-packages/openpyxl/reader/workbook.py:102: UserWarning: Defined names for sheet index 6 cannot be located
  warn(f"Defined names for sheet index {idx} cannot be located")
/Users/zhefeng/Desktop/Vibe Coding/Data Visualiztion/.venv/lib/python3.10/site-packages/openpyxl/reader/workbook.py:102: UserWarning: Defined names for sheet index 7 cannot be located
  warn(f"Defined names for sheet index {idx} cannot be located")
/Users/zhefeng/Desktop/Vibe Coding/Data Visualiztion/.venv/lib/python3.10/site-packages/openpyxl/reader/workbook.py:102: UserWarning: Defined names for sheet index 8 cannot be located
  warn(f"Defined names for sheet index {idx} cannot be located")
/Users/zhefeng/Desktop/Vibe Coding/Data Visualiztion/.venv/lib/python3.10/site-packages/openpyxl/reader/workbook.py:102: UserWarning: Defined names for sheet index 9 cannot be located
  warn(f"Defined names for sheet index {idx} cannot be located")
/Users/zhefeng/Desktop/Vibe Coding/Data Visualiztion/.venv/lib/python3.10/site-packages/openpyxl/reader/workbook.py:102: UserWarning: Defined names for sheet index 10 cannot be located
  warn(f"Defined names for sheet index {idx} cannot be located")
2026-04-16 15:34:49.119 Please replace `use_container_width` with `width`.

`use_container_width` will be removed after 2025-12-31.

For `use_container_width=True`, use `width='stretch'`. For `use_container_width=False`, use `width='content'`.
2026-04-16 15:34:49.251 Please replace `use_container_width` with `width`.

`use_container_width` will be removed after 2025-12-31.

For `use_container_width=True`, use `width='stretch'`. For `use_container_width=False`, use `width='content'`.
2026-04-16 15:34:49.789 Please replace `use_container_width` with `width`.

`use_container_width` will be removed after 2025-12-31.

For `use_container_width=True`, use `width='stretch'`. For `use_container_width=False`, use `width='content'`.
2026-04-16 15:34:50.121 Please replace `use_container_width` with `width`.

`use_container_width` will be removed after 2025-12-31.

For `use_container_width=True`, use `width='stretch'`. For `use_container_width=False`, use `width='content'`.
2026-04-16 15:34:50.756 Please replace `use_container_width` with `width`.

`use_container_width` will be removed after 2025-12-31.

For `use_container_width=True`, use `width='stretch'`. For `use_container_width=False`, use `width='content'`.
2026-04-16 15:35:01.112 Please replace `use_container_width` with `width`.

`use_container_width` will be removed after 2025-12-31.

For `use_container_width=True`, use `width='stretch'`. For `use_container_width=False`, use `width='content'`.
2026-04-16 15:35:01.229 Please replace `use_container_width` with `width`.

`use_container_width` will be removed after 2025-12-31.

For `use_container_width=True`, use `width='stretch'`. For `use_container_width=False`, use `width='content'`.
2026-04-16 15:35:01.737 Please replace `use_container_width` with `width`.

`use_container_width` will be removed after 2025-12-31.

For `use_container_width=True`, use `width='stretch'`. For `use_container_width=False`, use `width='content'`.
2026-04-16 15:35:02.047 Please replace `use_container_width` with `width`.

`use_container_width` will be removed after 2025-12-31.

For `use_container_width=True`, use `width='stretch'`. For `use_container_width=False`, use `width='content'`.
2026-04-16 15:35:02.665 Please replace `use_container_width` with `width`.

`use_container_width` will be removed after 2025-12-31.

For `use_container_width=True`, use `width='stretch'`. For `use_container_width=False`, use `width='content'`.
2026-04-16 15:35:06.048 Please replace `use_container_width` with `width`.

`use_container_width` will be removed after 2025-12-31.

For `use_container_width=True`, use `width='stretch'`. For `use_container_width=False`, use `width='content'`.
2026-04-16 15:35:06.169 Please replace `use_container_width` with `width`.

`use_container_width` will be removed after 2025-12-31.

For `use_container_width=True`, use `width='stretch'`. For `use_container_width=False`, use `width='content'`.
2026-04-16 15:35:06.687 Please replace `use_container_width` with `width`.

`use_container_width` will be removed after 2025-12-31.

For `use_container_width=True`, use `width='stretch'`. For `use_container_width=False`, use `width='content'`.
2026-04-16 15:35:06.996 Please replace `use_container_width` with `width`.

`use_container_width` will be removed after 2025-12-31.

For `use_container_width=True`, use `width='stretch'`. For `use_container_width=False`, use `width='content'`.
2026-04-16 15:35:07.616 Please replace `use_container_width` with `width`.

`use_container_width` will be removed after 2025-12-31.

For `use_container_width=True`, use `width='stretch'`. For `use_container_width=False`, use `width='content'`.
2026-04-16 15:46:43.791 Please replace `use_container_width` with `width`.

`use_container_width` will be removed after 2025-12-31.

For `use_container_width=True`, use `width='stretch'`. For `use_container_width=False`, use `width='content'`.
2026-04-16 15:47:03.264 Please replace `use_container_width` with `width`.

`use_container_width` will be removed after 2025-12-31.

For `use_container_width=True`, use `width='stretch'`. For `use_container_width=False`, use `width='content'`.
2026-04-16 15:47:03.286 Please replace `use_container_width` with `width`.

`use_container_width` will be removed after 2025-12-31.

For `use_container_width=True`, use `width='stretch'`. For `use_container_width=False`, use `width='content'`.
2026-04-16 15:47:03.309 Please replace `use_container_width` with `width`.

`use_container_width` will be removed after 2025-12-31.

For `use_container_width=True`, use `width='stretch'`. For `use_container_width=False`, use `width='content'`.
2026-04-16 15:47:03.333 Please replace `use_container_width` with `width`.

`use_container_width` will be removed after 2025-12-31.

For `use_container_width=True`, use `width='stretch'`. For `use_container_width=False`, use `width='content'`.
2026-04-16 15:47:03.368 Please replace `use_container_width` with `width`.

`use_container_width` will be removed after 2025-12-31.

For `use_container_width=True`, use `width='stretch'`. For `use_container_width=False`, use `width='content'`.
2026-04-16 15:47:04.128 Please replace `use_container_width` with `width`.

`use_container_width` will be removed after 2025-12-31.

For `use_container_width=True`, use `width='stretch'`. For `use_container_width=False`, use `width='content'`.
2026-04-16 15:47:04.157 Please replace `use_container_width` with `width`.

`use_container_width` will be removed after 2025-12-31.

For `use_container_width=True`, use `width='stretch'`. For `use_container_width=False`, use `width='content'`.
2026-04-16 15:47:04.184 Please replace `use_container_width` with `width`.

`use_container_width` will be removed after 2025-12-31.

For `use_container_width=True`, use `width='stretch'`. For `use_container_width=False`, use `width='content'`.
2026-04-16 15:47:04.213 Please replace `use_container_width` with `width`.

`use_container_width` will be removed after 2025-12-31.

For `use_container_width=True`, use `width='stretch'`. For `use_container_width=False`, use `width='content'`.
2026-04-16 15:47:04.252 Please replace `use_container_width` with `width`.

`use_container_width` will be removed after 2025-12-31.

For `use_container_width=True`, use `width='stretch'`. For `use_container_width=False`, use `width='content'`.
2026-04-16 15:47:04.271 Please replace `use_container_width` with `width`.

`use_container_width` will be removed after 2025-12-31.

For `use_container_width=True`, use `width='stretch'`. For `use_container_width=False`, use `width='content'`.
2026-04-16 15:47:04.301 Please replace `use_container_width` with `width`.

`use_container_width` will be removed after 2025-12-31.

For `use_container_width=True`, use `width='stretch'`. For `use_container_width=False`, use `width='content'`.
2026-04-16 15:47:04.337 Please replace `use_container_width` with `width`.

`use_container_width` will be removed after 2025-12-31.

For `use_container_width=True`, use `width='stretch'`. For `use_container_width=False`, use `width='content'`.
2026-04-16 15:47:04.387 Please replace `use_container_width` with `width`.

`use_container_width` will be removed after 2025-12-31.

For `use_container_width=True`, use `width='stretch'`. For `use_container_width=False`, use `width='content'`.
2026-04-16 15:47:05.169 Please replace `use_container_width` with `width`.

`use_container_width` will be removed after 2025-12-31.

For `use_container_width=True`, use `width='stretch'`. For `use_container_width=False`, use `width='content'`.
2026-04-16 15:47:05.207 Please replace `use_container_width` with `width`.

`use_container_width` will be removed after 2025-12-31.

For `use_container_width=True`, use `width='stretch'`. For `use_container_width=False`, use `width='content'`.
2026-04-16 15:47:05.231 Please replace `use_container_width` with `width`.

`use_container_width` will be removed after 2025-12-31.

For `use_container_width=True`, use `width='stretch'`. For `use_container_width=False`, use `width='content'`.
2026-04-16 15:47:05.255 Please replace `use_container_width` with `width`.

`use_container_width` will be removed after 2025-12-31.

For `use_container_width=True`, use `width='stretch'`. For `use_container_width=False`, use `width='content'`.
2026-04-16 15:47:05.287 Please replace `use_container_width` with `width`.

`use_container_width` will be removed after 2025-12-31.

For `use_container_width=True`, use `width='stretch'`. For `use_container_width=False`, use `width='content'`.
2026-04-16 15:47:05.306 Please replace `use_container_width` with `width`.

`use_container_width` will be removed after 2025-12-31.

For `use_container_width=True`, use `width='stretch'`. For `use_container_width=False`, use `width='content'`.
2026-04-16 15:47:05.337 Please replace `use_container_width` with `width`.

`use_container_width` will be removed after 2025-12-31.

For `use_container_width=True`, use `width='stretch'`. For `use_container_width=False`, use `width='content'`.
2026-04-16 15:47:05.367 Please replace `use_container_width` with `width`.

`use_container_width` will be removed after 2025-12-31.

For `use_container_width=True`, use `width='stretch'`. For `use_container_width=False`, use `width='content'`.
2026-04-16 15:47:05.426 Please replace `use_container_width` with `width`.

`use_container_width` will be removed after 2025-12-31.

For `use_container_width=True`, use `width='stretch'`. For `use_container_width=False`, use `width='content'`.
2026-04-16 15:47:05.445 Please replace `use_container_width` with `width`.

`use_container_width` will be removed after 2025-12-31.

For `use_container_width=True`, use `width='stretch'`. For `use_container_width=False`, use `width='content'`.
2026-04-16 15:47:05.468 Please replace `use_container_width` with `width`.

`use_container_width` will be removed after 2025-12-31.

For `use_container_width=True`, use `width='stretch'`. For `use_container_width=False`, use `width='content'`.
2026-04-16 15:47:05.489 Please replace `use_container_width` with `width`.

`use_container_width` will be removed after 2025-12-31.

For `use_container_width=True`, use `width='stretch'`. For `use_container_width=False`, use `width='content'`.
2026-04-16 15:47:05.521 Please replace `use_container_width` with `width`.

`use_container_width` will be removed after 2025-12-31.

For `use_container_width=True`, use `width='stretch'`. For `use_container_width=False`, use `width='content'`.
2026-04-16 15:47:22.517 Please replace `use_container_width` with `width`.

`use_container_width` will be removed after 2025-12-31.

For `use_container_width=True`, use `width='stretch'`. For `use_container_width=False`, use `width='content'`.
2026-04-16 15:47:22.552 Please replace `use_container_width` with `width`.

`use_container_width` will be removed after 2025-12-31.

For `use_container_width=True`, use `width='stretch'`. For `use_container_width=False`, use `width='content'`.
2026-04-16 15:47:22.574 Please replace `use_container_width` with `width`.

`use_container_width` will be removed after 2025-12-31.

For `use_container_width=True`, use `width='stretch'`. For `use_container_width=False`, use `width='content'`.
2026-04-16 15:47:22.597 Please replace `use_container_width` with `width`.

`use_container_width` will be removed after 2025-12-31.

For `use_container_width=True`, use `width='stretch'`. For `use_container_width=False`, use `width='content'`.
2026-04-16 15:47:22.629 Please replace `use_container_width` with `width`.

`use_container_width` will be removed after 2025-12-31.

For `use_container_width=True`, use `width='stretch'`. For `use_container_width=False`, use `width='content'`.
2026-04-16 15:47:22.647 Please replace `use_container_width` with `width`.

`use_container_width` will be removed after 2025-12-31.

For `use_container_width=True`, use `width='stretch'`. For `use_container_width=False`, use `width='content'`.
2026-04-16 15:47:22.676 Please replace `use_container_width` with `width`.

`use_container_width` will be removed after 2025-12-31.

For `use_container_width=True`, use `width='stretch'`. For `use_container_width=False`, use `width='content'`.
2026-04-16 15:47:22.706 Please replace `use_container_width` with `width`.

`use_container_width` will be removed after 2025-12-31.

For `use_container_width=True`, use `width='stretch'`. For `use_container_width=False`, use `width='content'`.
2026-04-16 15:47:22.771 Please replace `use_container_width` with `width`.

`use_container_width` will be removed after 2025-12-31.

For `use_container_width=True`, use `width='stretch'`. For `use_container_width=False`, use `width='content'`.
2026-04-16 15:47:22.793 Please replace `use_container_width` with `width`.

`use_container_width` will be removed after 2025-12-31.

For `use_container_width=True`, use `width='stretch'`. For `use_container_width=False`, use `width='content'`.
2026-04-16 15:47:22.819 Please replace `use_container_width` with `width`.

`use_container_width` will be removed after 2025-12-31.

For `use_container_width=True`, use `width='stretch'`. For `use_container_width=False`, use `width='content'`.
2026-04-16 15:47:22.842 Please replace `use_container_width` with `width`.

`use_container_width` will be removed after 2025-12-31.

For `use_container_width=True`, use `width='stretch'`. For `use_container_width=False`, use `width='content'`.
2026-04-16 15:47:22.875 Please replace `use_container_width` with `width`.

`use_container_width` will be removed after 2025-12-31.

For `use_container_width=True`, use `width='stretch'`. For `use_container_width=False`, use `width='content'`.
2026-04-16 15:47:40.013 Please replace `use_container_width` with `width`.

`use_container_width` will be removed after 2025-12-31.

For `use_container_width=True`, use `width='stretch'`. For `use_container_width=False`, use `width='content'`.
2026-04-16 15:47:40.050 Please replace `use_container_width` with `width`.

`use_container_width` will be removed after 2025-12-31.

For `use_container_width=True`, use `width='stretch'`. For `use_container_width=False`, use `width='content'`.
2026-04-16 15:47:40.071 Please replace `use_container_width` with `width`.

`use_container_width` will be removed after 2025-12-31.

For `use_container_width=True`, use `width='stretch'`. For `use_container_width=False`, use `width='content'`.
2026-04-16 15:47:40.094 Please replace `use_container_width` with `width`.

`use_container_width` will be removed after 2025-12-31.

For `use_container_width=True`, use `width='stretch'`. For `use_container_width=False`, use `width='content'`.
2026-04-16 15:47:40.130 Please replace `use_container_width` with `width`.

`use_container_width` will be removed after 2025-12-31.

For `use_container_width=True`, use `width='stretch'`. For `use_container_width=False`, use `width='content'`.
2026-04-16 15:47:40.148 Please replace `use_container_width` with `width`.

`use_container_width` will be removed after 2025-12-31.

For `use_container_width=True`, use `width='stretch'`. For `use_container_width=False`, use `width='content'`.
2026-04-16 15:47:40.180 Please replace `use_container_width` with `width`.

`use_container_width` will be removed after 2025-12-31.

For `use_container_width=True`, use `width='stretch'`. For `use_container_width=False`, use `width='content'`.
2026-04-16 15:47:40.211 Please replace `use_container_width` with `width`.

`use_container_width` will be removed after 2025-12-31.

For `use_container_width=True`, use `width='stretch'`. For `use_container_width=False`, use `width='content'`.
2026-04-16 15:47:40.289 Please replace `use_container_width` with `width`.

`use_container_width` will be removed after 2025-12-31.

For `use_container_width=True`, use `width='stretch'`. For `use_container_width=False`, use `width='content'`.
2026-04-16 15:47:40.327 Please replace `use_container_width` with `width`.

`use_container_width` will be removed after 2025-12-31.

For `use_container_width=True`, use `width='stretch'`. For `use_container_width=False`, use `width='content'`.
2026-04-16 15:47:40.354 Please replace `use_container_width` with `width`.

`use_container_width` will be removed after 2025-12-31.

For `use_container_width=True`, use `width='stretch'`. For `use_container_width=False`, use `width='content'`.
2026-04-16 15:47:40.381 Please replace `use_container_width` with `width`.

`use_container_width` will be removed after 2025-12-31.

For `use_container_width=True`, use `width='stretch'`. For `use_container_width=False`, use `width='content'`.
2026-04-16 15:47:40.419 Please replace `use_container_width` with `width`.

`use_container_width` will be removed after 2025-12-31.

For `use_container_width=True`, use `width='stretch'`. For `use_container_width=False`, use `width='content'`.
2026-04-16 15:48:00.389 Please replace `use_container_width` with `width`.

`use_container_width` will be removed after 2025-12-31.

For `use_container_width=True`, use `width='stretch'`. For `use_container_width=False`, use `width='content'`.
2026-04-16 15:48:00.426 Please replace `use_container_width` with `width`.

`use_container_width` will be removed after 2025-12-31.

For `use_container_width=True`, use `width='stretch'`. For `use_container_width=False`, use `width='content'`.
2026-04-16 15:48:00.449 Please replace `use_container_width` with `width`.

`use_container_width` will be removed after 2025-12-31.

For `use_container_width=True`, use `width='stretch'`. For `use_container_width=False`, use `width='content'`.
2026-04-16 15:48:00.475 Please replace `use_container_width` with `width`.

`use_container_width` will be removed after 2025-12-31.

For `use_container_width=True`, use `width='stretch'`. For `use_container_width=False`, use `width='content'`.
2026-04-16 15:48:00.510 Please replace `use_container_width` with `width`.

`use_container_width` will be removed after 2025-12-31.

For `use_container_width=True`, use `width='stretch'`. For `use_container_width=False`, use `width='content'`.
2026-04-16 15:48:00.532 Please replace `use_container_width` with `width`.

`use_container_width` will be removed after 2025-12-31.

For `use_container_width=True`, use `width='stretch'`. For `use_container_width=False`, use `width='content'`.
2026-04-16 15:48:00.564 Please replace `use_container_width` with `width`.

`use_container_width` will be removed after 2025-12-31.

For `use_container_width=True`, use `width='stretch'`. For `use_container_width=False`, use `width='content'`.
2026-04-16 15:48:00.596 Please replace `use_container_width` with `width`.

`use_container_width` will be removed after 2025-12-31.

For `use_container_width=True`, use `width='stretch'`. For `use_container_width=False`, use `width='content'`.
2026-04-16 15:48:00.643 Please replace `use_container_width` with `width`.

`use_container_width` will be removed after 2025-12-31.

For `use_container_width=True`, use `width='stretch'`. For `use_container_width=False`, use `width='content'`.
2026-04-16 15:48:00.663 Please replace `use_container_width` with `width`.

`use_container_width` will be removed after 2025-12-31.

For `use_container_width=True`, use `width='stretch'`. For `use_container_width=False`, use `width='content'`.
2026-04-16 15:48:00.685 Please replace `use_container_width` with `width`.

`use_container_width` will be removed after 2025-12-31.

For `use_container_width=True`, use `width='stretch'`. For `use_container_width=False`, use `width='content'`.
2026-04-16 15:48:00.708 Please replace `use_container_width` with `width`.

`use_container_width` will be removed after 2025-12-31.

For `use_container_width=True`, use `width='stretch'`. For `use_container_width=False`, use `width='content'`.
2026-04-16 15:48:00.745 Please replace `use_container_width` with `width`.

`use_container_width` will be removed after 2025-12-31.

For `use_container_width=True`, use `width='stretch'`. For `use_container_width=False`, use `width='content'`.
2026-04-16 15:48:02.634 Please replace `use_container_width` with `width`.

`use_container_width` will be removed after 2025-12-31.

For `use_container_width=True`, use `width='stretch'`. For `use_container_width=False`, use `width='content'`.
2026-04-16 15:48:02.670 Please replace `use_container_width` with `width`.

`use_container_width` will be removed after 2025-12-31.

For `use_container_width=True`, use `width='stretch'`. For `use_container_width=False`, use `width='content'`.
2026-04-16 15:48:02.697 Please replace `use_container_width` with `width`.

`use_container_width` will be removed after 2025-12-31.

For `use_container_width=True`, use `width='stretch'`. For `use_container_width=False`, use `width='content'`.
2026-04-16 15:48:02.733 Please replace `use_container_width` with `width`.

`use_container_width` will be removed after 2025-12-31.

For `use_container_width=True`, use `width='stretch'`. For `use_container_width=False`, use `width='content'`.
2026-04-16 15:48:02.769 Please replace `use_container_width` with `width`.

`use_container_width` will be removed after 2025-12-31.

For `use_container_width=True`, use `width='stretch'`. For `use_container_width=False`, use `width='content'`.
2026-04-16 15:48:02.790 Please replace `use_container_width` with `width`.

`use_container_width` will be removed after 2025-12-31.

For `use_container_width=True`, use `width='stretch'`. For `use_container_width=False`, use `width='content'`.
2026-04-16 15:48:02.830 Please replace `use_container_width` with `width`.

`use_container_width` will be removed after 2025-12-31.

For `use_container_width=True`, use `width='stretch'`. For `use_container_width=False`, use `width='content'`.
2026-04-16 15:48:02.897 Please replace `use_container_width` with `width`.

`use_container_width` will be removed after 2025-12-31.

For `use_container_width=True`, use `width='stretch'`. For `use_container_width=False`, use `width='content'`.
2026-04-16 15:48:02.962 Please replace `use_container_width` with `width`.

`use_container_width` will be removed after 2025-12-31.

For `use_container_width=True`, use `width='stretch'`. For `use_container_width=False`, use `width='content'`.
2026-04-16 15:48:02.991 Please replace `use_container_width` with `width`.

`use_container_width` will be removed after 2025-12-31.

For `use_container_width=True`, use `width='stretch'`. For `use_container_width=False`, use `width='content'`.
2026-04-16 15:48:03.017 Please replace `use_container_width` with `width`.

`use_container_width` will be removed after 2025-12-31.

For `use_container_width=True`, use `width='stretch'`. For `use_container_width=False`, use `width='content'`.
2026-04-16 15:48:03.041 Please replace `use_container_width` with `width`.

`use_container_width` will be removed after 2025-12-31.

For `use_container_width=True`, use `width='stretch'`. For `use_container_width=False`, use `width='content'`.
2026-04-16 15:48:03.078 Please replace `use_container_width` with `width`.

`use_container_width` will be removed after 2025-12-31.

For `use_container_width=True`, use `width='stretch'`. For `use_container_width=False`, use `width='content'`.
/Users/zhefeng/Desktop/Vibe Coding/Data Visualiztion/.venv/lib/python3.10/site-packages/openpyxl/reader/workbook.py:84: UserWarning: File contains an invalid specification for 0. This will be removed
  warn(msg)
/Users/zhefeng/Desktop/Vibe Coding/Data Visualiztion/.venv/lib/python3.10/site-packages/openpyxl/reader/workbook.py:102: UserWarning: Defined names for sheet index 2 cannot be located
  warn(f"Defined names for sheet index {idx} cannot be located")
/Users/zhefeng/Desktop/Vibe Coding/Data Visualiztion/.venv/lib/python3.10/site-packages/openpyxl/reader/workbook.py:102: UserWarning: Defined names for sheet index 0 cannot be located
  warn(f"Defined names for sheet index {idx} cannot be located")
/Users/zhefeng/Desktop/Vibe Coding/Data Visualiztion/.venv/lib/python3.10/site-packages/openpyxl/reader/workbook.py:102: UserWarning: Defined names for sheet index 3 cannot be located
  warn(f"Defined names for sheet index {idx} cannot be located")
/Users/zhefeng/Desktop/Vibe Coding/Data Visualiztion/.venv/lib/python3.10/site-packages/openpyxl/reader/workbook.py:102: UserWarning: Defined names for sheet index 1 cannot be located
  warn(f"Defined names for sheet index {idx} cannot be located")
/Users/zhefeng/Desktop/Vibe Coding/Data Visualiztion/.venv/lib/python3.10/site-packages/openpyxl/reader/workbook.py:102: UserWarning: Defined names for sheet index 4 cannot be located
  warn(f"Defined names for sheet index {idx} cannot be located")
/Users/zhefeng/Desktop/Vibe Coding/Data Visualiztion/.venv/lib/python3.10/site-packages/openpyxl/reader/workbook.py:102: UserWarning: Defined names for sheet index 5 cannot be located
  warn(f"Defined names for sheet index {idx} cannot be located")
/Users/zhefeng/Desktop/Vibe Coding/Data Visualiztion/.venv/lib/python3.10/site-packages/openpyxl/reader/workbook.py:102: UserWarning: Defined names for sheet index 6 cannot be located
  warn(f"Defined names for sheet index {idx} cannot be located")
/Users/zhefeng/Desktop/Vibe Coding/Data Visualiztion/.venv/lib/python3.10/site-packages/openpyxl/reader/workbook.py:102: UserWarning: Defined names for sheet index 7 cannot be located
  warn(f"Defined names for sheet index {idx} cannot be located")
/Users/zhefeng/Desktop/Vibe Coding/Data Visualiztion/.venv/lib/python3.10/site-packages/openpyxl/reader/workbook.py:102: UserWarning: Defined names for sheet index 8 cannot be located
  warn(f"Defined names for sheet index {idx} cannot be located")
/Users/zhefeng/Desktop/Vibe Coding/Data Visualiztion/.venv/lib/python3.10/site-packages/openpyxl/reader/workbook.py:102: UserWarning: Defined names for sheet index 9 cannot be located
  warn(f"Defined names for sheet index {idx} cannot be located")
/Users/zhefeng/Desktop/Vibe Coding/Data Visualiztion/.venv/lib/python3.10/site-packages/openpyxl/reader/workbook.py:102: UserWarning: Defined names for sheet index 10 cannot be located
  warn(f"Defined names for sheet index {idx} cannot be located")
/Users/zhefeng/Desktop/Vibe Coding/Data Visualiztion/.venv/lib/python3.10/site-packages/openpyxl/reader/workbook.py:84: UserWarning: File contains an invalid specification for 0. This will be removed
  warn(msg)
/Users/zhefeng/Desktop/Vibe Coding/Data Visualiztion/.venv/lib/python3.10/site-packages/openpyxl/reader/workbook.py:102: UserWarning: Defined names for sheet index 2 cannot be located
  warn(f"Defined names for sheet index {idx} cannot be located")
/Users/zhefeng/Desktop/Vibe Coding/Data Visualiztion/.venv/lib/python3.10/site-packages/openpyxl/reader/workbook.py:102: UserWarning: Defined names for sheet index 0 cannot be located
  warn(f"Defined names for sheet index {idx} cannot be located")
/Users/zhefeng/Desktop/Vibe Coding/Data Visualiztion/.venv/lib/python3.10/site-packages/openpyxl/reader/workbook.py:102: UserWarning: Defined names for sheet index 3 cannot be located
  warn(f"Defined names for sheet index {idx} cannot be located")
/Users/zhefeng/Desktop/Vibe Coding/Data Visualiztion/.venv/lib/python3.10/site-packages/openpyxl/reader/workbook.py:102: UserWarning: Defined names for sheet index 1 cannot be located
  warn(f"Defined names for sheet index {idx} cannot be located")
/Users/zhefeng/Desktop/Vibe Coding/Data Visualiztion/.venv/lib/python3.10/site-packages/openpyxl/reader/workbook.py:102: UserWarning: Defined names for sheet index 4 cannot be located
  warn(f"Defined names for sheet index {idx} cannot be located")
/Users/zhefeng/Desktop/Vibe Coding/Data Visualiztion/.venv/lib/python3.10/site-packages/openpyxl/reader/workbook.py:102: UserWarning: Defined names for sheet index 5 cannot be located
  warn(f"Defined names for sheet index {idx} cannot be located")
/Users/zhefeng/Desktop/Vibe Coding/Data Visualiztion/.venv/lib/python3.10/site-packages/openpyxl/reader/workbook.py:102: UserWarning: Defined names for sheet index 6 cannot be located
  warn(f"Defined names for sheet index {idx} cannot be located")
/Users/zhefeng/Desktop/Vibe Coding/Data Visualiztion/.venv/lib/python3.10/site-packages/openpyxl/reader/workbook.py:102: UserWarning: Defined names for sheet index 7 cannot be located
  warn(f"Defined names for sheet index {idx} cannot be located")
/Users/zhefeng/Desktop/Vibe Coding/Data Visualiztion/.venv/lib/python3.10/site-packages/openpyxl/reader/workbook.py:102: UserWarning: Defined names for sheet index 8 cannot be located
  warn(f"Defined names for sheet index {idx} cannot be located")
/Users/zhefeng/Desktop/Vibe Coding/Data Visualiztion/.venv/lib/python3.10/site-packages/openpyxl/reader/workbook.py:102: UserWarning: Defined names for sheet index 9 cannot be located
  warn(f"Defined names for sheet index {idx} cannot be located")
/Users/zhefeng/Desktop/Vibe Coding/Data Visualiztion/.venv/lib/python3.10/site-packages/openpyxl/reader/workbook.py:102: UserWarning: Defined names for sheet index 10 cannot be located
  warn(f"Defined names for sheet index {idx} cannot be located")
/Users/zhefeng/Desktop/Vibe Coding/Data Visualiztion/.venv/lib/python3.10/site-packages/openpyxl/reader/workbook.py:84: UserWarning: File contains an invalid specification for 0. This will be removed
  warn(msg)
/Users/zhefeng/Desktop/Vibe Coding/Data Visualiztion/.venv/lib/python3.10/site-packages/openpyxl/reader/workbook.py:102: UserWarning: Defined names for sheet index 2 cannot be located
  warn(f"Defined names for sheet index {idx} cannot be located")
/Users/zhefeng/Desktop/Vibe Coding/Data Visualiztion/.venv/lib/python3.10/site-packages/openpyxl/reader/workbook.py:102: UserWarning: Defined names for sheet index 0 cannot be located
  warn(f"Defined names for sheet index {idx} cannot be located")
/Users/zhefeng/Desktop/Vibe Coding/Data Visualiztion/.venv/lib/python3.10/site-packages/openpyxl/reader/workbook.py:102: UserWarning: Defined names for sheet index 3 cannot be located
  warn(f"Defined names for sheet index {idx} cannot be located")
/Users/zhefeng/Desktop/Vibe Coding/Data Visualiztion/.venv/lib/python3.10/site-packages/openpyxl/reader/workbook.py:102: UserWarning: Defined names for sheet index 1 cannot be located
  warn(f"Defined names for sheet index {idx} cannot be located")
/Users/zhefeng/Desktop/Vibe Coding/Data Visualiztion/.venv/lib/python3.10/site-packages/openpyxl/reader/workbook.py:102: UserWarning: Defined names for sheet index 4 cannot be located
  warn(f"Defined names for sheet index {idx} cannot be located")
/Users/zhefeng/Desktop/Vibe Coding/Data Visualiztion/.venv/lib/python3.10/site-packages/openpyxl/reader/workbook.py:102: UserWarning: Defined names for sheet index 5 cannot be located
  warn(f"Defined names for sheet index {idx} cannot be located")
/Users/zhefeng/Desktop/Vibe Coding/Data Visualiztion/.venv/lib/python3.10/site-packages/openpyxl/reader/workbook.py:102: UserWarning: Defined names for sheet index 6 cannot be located
  warn(f"Defined names for sheet index {idx} cannot be located")
/Users/zhefeng/Desktop/Vibe Coding/Data Visualiztion/.venv/lib/python3.10/site-packages/openpyxl/reader/workbook.py:102: UserWarning: Defined names for sheet index 7 cannot be located
  warn(f"Defined names for sheet index {idx} cannot be located")
/Users/zhefeng/Desktop/Vibe Coding/Data Visualiztion/.venv/lib/python3.10/site-packages/openpyxl/reader/workbook.py:102: UserWarning: Defined names for sheet index 8 cannot be located
  warn(f"Defined names for sheet index {idx} cannot be located")
/Users/zhefeng/Desktop/Vibe Coding/Data Visualiztion/.venv/lib/python3.10/site-packages/openpyxl/reader/workbook.py:102: UserWarning: Defined names for sheet index 9 cannot be located
  warn(f"Defined names for sheet index {idx} cannot be located")
/Users/zhefeng/Desktop/Vibe Coding/Data Visualiztion/.venv/lib/python3.10/site-packages/openpyxl/reader/workbook.py:102: UserWarning: Defined names for sheet index 10 cannot be located
  warn(f"Defined names for sheet index {idx} cannot be located")
/Users/zhefeng/Desktop/Vibe Coding/Data Visualiztion/.venv/lib/python3.10/site-packages/openpyxl/reader/workbook.py:84: UserWarning: File contains an invalid specification for 0. This will be removed
  warn(msg)
/Users/zhefeng/Desktop/Vibe Coding/Data Visualiztion/.venv/lib/python3.10/site-packages/openpyxl/reader/workbook.py:102: UserWarning: Defined names for sheet index 2 cannot be located
  warn(f"Defined names for sheet index {idx} cannot be located")
/Users/zhefeng/Desktop/Vibe Coding/Data Visualiztion/.venv/lib/python3.10/site-packages/openpyxl/reader/workbook.py:102: UserWarning: Defined names for sheet index 0 cannot be located
  warn(f"Defined names for sheet index {idx} cannot be located")
/Users/zhefeng/Desktop/Vibe Coding/Data Visualiztion/.venv/lib/python3.10/site-packages/openpyxl/reader/workbook.py:102: UserWarning: Defined names for sheet index 3 cannot be located
  warn(f"Defined names for sheet index {idx} cannot be located")
/Users/zhefeng/Desktop/Vibe Coding/Data Visualiztion/.venv/lib/python3.10/site-packages/openpyxl/reader/workbook.py:102: UserWarning: Defined names for sheet index 1 cannot be located
  warn(f"Defined names for sheet index {idx} cannot be located")
/Users/zhefeng/Desktop/Vibe Coding/Data Visualiztion/.venv/lib/python3.10/site-packages/openpyxl/reader/workbook.py:102: UserWarning: Defined names for sheet index 4 cannot be located
  warn(f"Defined names for sheet index {idx} cannot be located")
/Users/zhefeng/Desktop/Vibe Coding/Data Visualiztion/.venv/lib/python3.10/site-packages/openpyxl/reader/workbook.py:102: UserWarning: Defined names for sheet index 5 cannot be located
  warn(f"Defined names for sheet index {idx} cannot be located")
/Users/zhefeng/Desktop/Vibe Coding/Data Visualiztion/.venv/lib/python3.10/site-packages/openpyxl/reader/workbook.py:102: UserWarning: Defined names for sheet index 6 cannot be located
  warn(f"Defined names for sheet index {idx} cannot be located")
/Users/zhefeng/Desktop/Vibe Coding/Data Visualiztion/.venv/lib/python3.10/site-packages/openpyxl/reader/workbook.py:102: UserWarning: Defined names for sheet index 7 cannot be located
  warn(f"Defined names for sheet index {idx} cannot be located")
/Users/zhefeng/Desktop/Vibe Coding/Data Visualiztion/.venv/lib/python3.10/site-packages/openpyxl/reader/workbook.py:102: UserWarning: Defined names for sheet index 8 cannot be located
  warn(f"Defined names for sheet index {idx} cannot be located")
/Users/zhefeng/Desktop/Vibe Coding/Data Visualiztion/.venv/lib/python3.10/site-packages/openpyxl/reader/workbook.py:102: UserWarning: Defined names for sheet index 9 cannot be located
  warn(f"Defined names for sheet index {idx} cannot be located")
/Users/zhefeng/Desktop/Vibe Coding/Data Visualiztion/.venv/lib/python3.10/site-packages/openpyxl/reader/workbook.py:102: UserWarning: Defined names for sheet index 10 cannot be located
  warn(f"Defined names for sheet index {idx} cannot be located")
2026-04-17 09:48:21.405 Please replace `use_container_width` with `width`.

`use_container_width` will be removed after 2025-12-31.

For `use_container_width=True`, use `width='stretch'`. For `use_container_width=False`, use `width='content'`.
2026-04-17 09:48:21.452 Please replace `use_container_width` with `width`.

`use_container_width` will be removed after 2025-12-31.

For `use_container_width=True`, use `width='stretch'`. For `use_container_width=False`, use `width='content'`.
2026-04-17 09:48:21.478 Please replace `use_container_width` with `width`.

`use_container_width` will be removed after 2025-12-31.

For `use_container_width=True`, use `width='stretch'`. For `use_container_width=False`, use `width='content'`.
2026-04-17 09:48:21.507 Please replace `use_container_width` with `width`.

`use_container_width` will be removed after 2025-12-31.

For `use_container_width=True`, use `width='stretch'`. For `use_container_width=False`, use `width='content'`.
2026-04-17 09:48:32.407 Please replace `use_container_width` with `width`.

`use_container_width` will be removed after 2025-12-31.

For `use_container_width=True`, use `width='stretch'`. For `use_container_width=False`, use `width='content'`.
2026-04-17 09:48:32.487 Please replace `use_container_width` with `width`.

`use_container_width` will be removed after 2025-12-31.

For `use_container_width=True`, use `width='stretch'`. For `use_container_width=False`, use `width='content'`.
2026-04-17 09:48:32.757 Please replace `use_container_width` with `width`.

`use_container_width` will be removed after 2025-12-31.

For `use_container_width=True`, use `width='stretch'`. For `use_container_width=False`, use `width='content'`.
2026-04-17 09:48:32.941 Please replace `use_container_width` with `width`.

`use_container_width` will be removed after 2025-12-31.

For `use_container_width=True`, use `width='stretch'`. For `use_container_width=False`, use `width='content'`.
2026-04-17 09:48:33.285 Please replace `use_container_width` with `width`.

`use_container_width` will be removed after 2025-12-31.

For `use_container_width=True`, use `width='stretch'`. For `use_container_width=False`, use `width='content'`.
2026-04-17 09:48:46.461 Please replace `use_container_width` with `width`.

`use_container_width` will be removed after 2025-12-31.

For `use_container_width=True`, use `width='stretch'`. For `use_container_width=False`, use `width='content'`.
2026-04-17 09:48:46.544 Please replace `use_container_width` with `width`.

`use_container_width` will be removed after 2025-12-31.

For `use_container_width=True`, use `width='stretch'`. For `use_container_width=False`, use `width='content'`.
2026-04-17 09:48:46.803 Please replace `use_container_width` with `width`.

`use_container_width` will be removed after 2025-12-31.

For `use_container_width=True`, use `width='stretch'`. For `use_container_width=False`, use `width='content'`.
2026-04-17 09:48:46.967 Please replace `use_container_width` with `width`.

`use_container_width` will be removed after 2025-12-31.

For `use_container_width=True`, use `width='stretch'`. For `use_container_width=False`, use `width='content'`.
2026-04-17 09:48:48.331 Please replace `use_container_width` with `width`.

`use_container_width` will be removed after 2025-12-31.

For `use_container_width=True`, use `width='stretch'`. For `use_container_width=False`, use `width='content'`.
2026-04-17 09:48:48.412 Please replace `use_container_width` with `width`.

`use_container_width` will be removed after 2025-12-31.

For `use_container_width=True`, use `width='stretch'`. For `use_container_width=False`, use `width='content'`.
2026-04-17 09:48:48.669 Please replace `use_container_width` with `width`.

`use_container_width` will be removed after 2025-12-31.

For `use_container_width=True`, use `width='stretch'`. For `use_container_width=False`, use `width='content'`.
2026-04-17 09:48:48.830 Please replace `use_container_width` with `width`.

`use_container_width` will be removed after 2025-12-31.

For `use_container_width=True`, use `width='stretch'`. For `use_container_width=False`, use `width='content'`.
2026-04-17 09:48:50.186 Please replace `use_container_width` with `width`.

`use_container_width` will be removed after 2025-12-31.

For `use_container_width=True`, use `width='stretch'`. For `use_container_width=False`, use `width='content'`.
2026-04-17 09:48:50.266 Please replace `use_container_width` with `width`.

`use_container_width` will be removed after 2025-12-31.

For `use_container_width=True`, use `width='stretch'`. For `use_container_width=False`, use `width='content'`.
2026-04-17 09:48:50.524 Please replace `use_container_width` with `width`.

`use_container_width` will be removed after 2025-12-31.

For `use_container_width=True`, use `width='stretch'`. For `use_container_width=False`, use `width='content'`.
2026-04-17 09:48:50.686 Please replace `use_container_width` with `width`.

`use_container_width` will be removed after 2025-12-31.

For `use_container_width=True`, use `width='stretch'`. For `use_container_width=False`, use `width='content'`.
2026-04-17 09:48:51.005 Please replace `use_container_width` with `width`.

`use_container_width` will be removed after 2025-12-31.

For `use_container_width=True`, use `width='stretch'`. For `use_container_width=False`, use `width='content'`.
2026-04-17 09:48:53.958 Please replace `use_container_width` with `width`.

`use_container_width` will be removed after 2025-12-31.

For `use_container_width=True`, use `width='stretch'`. For `use_container_width=False`, use `width='content'`.
2026-04-17 09:48:54.037 Please replace `use_container_width` with `width`.

`use_container_width` will be removed after 2025-12-31.

For `use_container_width=True`, use `width='stretch'`. For `use_container_width=False`, use `width='content'`.
2026-04-17 09:48:54.295 Please replace `use_container_width` with `width`.

`use_container_width` will be removed after 2025-12-31.

For `use_container_width=True`, use `width='stretch'`. For `use_container_width=False`, use `width='content'`.
2026-04-17 09:48:54.461 Please replace `use_container_width` with `width`.

`use_container_width` will be removed after 2025-12-31.

For `use_container_width=True`, use `width='stretch'`. For `use_container_width=False`, use `width='content'`.
2026-04-17 09:48:54.785 Please replace `use_container_width` with `width`.

`use_container_width` will be removed after 2025-12-31.

For `use_container_width=True`, use `width='stretch'`. For `use_container_width=False`, use `width='content'`.
2026-04-17 09:49:05.668 Please replace `use_container_width` with `width`.

`use_container_width` will be removed after 2025-12-31.

For `use_container_width=True`, use `width='stretch'`. For `use_container_width=False`, use `width='content'`.
2026-04-17 09:49:05.747 Please replace `use_container_width` with `width`.

`use_container_width` will be removed after 2025-12-31.

For `use_container_width=True`, use `width='stretch'`. For `use_container_width=False`, use `width='content'`.
2026-04-17 09:49:06.017 Please replace `use_container_width` with `width`.

`use_container_width` will be removed after 2025-12-31.

For `use_container_width=True`, use `width='stretch'`. For `use_container_width=False`, use `width='content'`.
2026-04-17 09:49:06.177 Please replace `use_container_width` with `width`.

`use_container_width` will be removed after 2025-12-31.

For `use_container_width=True`, use `width='stretch'`. For `use_container_width=False`, use `width='content'`.
2026-04-17 09:49:06.497 Please replace `use_container_width` with `width`.

`use_container_width` will be removed after 2025-12-31.

For `use_container_width=True`, use `width='stretch'`. For `use_container_width=False`, use `width='content'`.
2026-04-17 09:49:11.148 Please replace `use_container_width` with `width`.

`use_container_width` will be removed after 2025-12-31.

For `use_container_width=True`, use `width='stretch'`. For `use_container_width=False`, use `width='content'`.
2026-04-17 09:49:11.222 Please replace `use_container_width` with `width`.

`use_container_width` will be removed after 2025-12-31.

For `use_container_width=True`, use `width='stretch'`. For `use_container_width=False`, use `width='content'`.
2026-04-17 09:49:11.484 Please replace `use_container_width` with `width`.

`use_container_width` will be removed after 2025-12-31.

For `use_container_width=True`, use `width='stretch'`. For `use_container_width=False`, use `width='content'`.
2026-04-17 09:49:11.646 Please replace `use_container_width` with `width`.

`use_container_width` will be removed after 2025-12-31.

For `use_container_width=True`, use `width='stretch'`. For `use_container_width=False`, use `width='content'`.
2026-04-17 09:49:11.967 Please replace `use_container_width` with `width`.

`use_container_width` will be removed after 2025-12-31.

For `use_container_width=True`, use `width='stretch'`. For `use_container_width=False`, use `width='content'`.
2026-04-17 09:49:34.374 Please replace `use_container_width` with `width`.

`use_container_width` will be removed after 2025-12-31.

For `use_container_width=True`, use `width='stretch'`. For `use_container_width=False`, use `width='content'`.
2026-04-17 09:49:34.452 Please replace `use_container_width` with `width`.

`use_container_width` will be removed after 2025-12-31.

For `use_container_width=True`, use `width='stretch'`. For `use_container_width=False`, use `width='content'`.
2026-04-17 09:49:34.705 Please replace `use_container_width` with `width`.

`use_container_width` will be removed after 2025-12-31.

For `use_container_width=True`, use `width='stretch'`. For `use_container_width=False`, use `width='content'`.
2026-04-17 09:49:34.865 Please replace `use_container_width` with `width`.

`use_container_width` will be removed after 2025-12-31.

For `use_container_width=True`, use `width='stretch'`. For `use_container_width=False`, use `width='content'`.
2026-04-17 09:49:35.199 Please replace `use_container_width` with `width`.

`use_container_width` will be removed after 2025-12-31.

For `use_container_width=True`, use `width='stretch'`. For `use_container_width=False`, use `width='content'`.
2026-04-17 09:49:58.160 Please replace `use_container_width` with `width`.

`use_container_width` will be removed after 2025-12-31.

For `use_container_width=True`, use `width='stretch'`. For `use_container_width=False`, use `width='content'`.
2026-04-17 09:49:58.239 Please replace `use_container_width` with `width`.

`use_container_width` will be removed after 2025-12-31.

For `use_container_width=True`, use `width='stretch'`. For `use_container_width=False`, use `width='content'`.
2026-04-17 09:49:58.493 Please replace `use_container_width` with `width`.

`use_container_width` will be removed after 2025-12-31.

For `use_container_width=True`, use `width='stretch'`. For `use_container_width=False`, use `width='content'`.
2026-04-17 09:49:58.658 Please replace `use_container_width` with `width`.

`use_container_width` will be removed after 2025-12-31.

For `use_container_width=True`, use `width='stretch'`. For `use_container_width=False`, use `width='content'`.
2026-04-17 09:49:58.988 Please replace `use_container_width` with `width`.

`use_container_width` will be removed after 2025-12-31.

For `use_container_width=True`, use `width='stretch'`. For `use_container_width=False`, use `width='content'`.
2026-04-17 09:50:07.904 Please replace `use_container_width` with `width`.

`use_container_width` will be removed after 2025-12-31.

For `use_container_width=True`, use `width='stretch'`. For `use_container_width=False`, use `width='content'`.
2026-04-17 09:50:07.983 Please replace `use_container_width` with `width`.

`use_container_width` will be removed after 2025-12-31.

For `use_container_width=True`, use `width='stretch'`. For `use_container_width=False`, use `width='content'`.
2026-04-17 09:50:08.238 Please replace `use_container_width` with `width`.

`use_container_width` will be removed after 2025-12-31.

For `use_container_width=True`, use `width='stretch'`. For `use_container_width=False`, use `width='content'`.
2026-04-17 09:50:08.399 Please replace `use_container_width` with `width`.

`use_container_width` will be removed after 2025-12-31.

For `use_container_width=True`, use `width='stretch'`. For `use_container_width=False`, use `width='content'`.
2026-04-17 09:50:08.734 Please replace `use_container_width` with `width`.

`use_container_width` will be removed after 2025-12-31.

For `use_container_width=True`, use `width='stretch'`. For `use_container_width=False`, use `width='content'`.
2026-04-17 09:51:17.814 Please replace `use_container_width` with `width`.

`use_container_width` will be removed after 2025-12-31.

For `use_container_width=True`, use `width='stretch'`. For `use_container_width=False`, use `width='content'`.
2026-04-17 09:51:17.895 Please replace `use_container_width` with `width`.

`use_container_width` will be removed after 2025-12-31.

For `use_container_width=True`, use `width='stretch'`. For `use_container_width=False`, use `width='content'`.
2026-04-17 09:51:18.160 Please replace `use_container_width` with `width`.

`use_container_width` will be removed after 2025-12-31.

For `use_container_width=True`, use `width='stretch'`. For `use_container_width=False`, use `width='content'`.
2026-04-17 09:51:18.333 Please replace `use_container_width` with `width`.

`use_container_width` will be removed after 2025-12-31.

For `use_container_width=True`, use `width='stretch'`. For `use_container_width=False`, use `width='content'`.
2026-04-17 09:51:18.702 Please replace `use_container_width` with `width`.

`use_container_width` will be removed after 2025-12-31.

For `use_container_width=True`, use `width='stretch'`. For `use_container_width=False`, use `width='content'`.
2026-04-17 09:57:11.935 Please replace `use_container_width` with `width`.

`use_container_width` will be removed after 2025-12-31.

For `use_container_width=True`, use `width='stretch'`. For `use_container_width=False`, use `width='content'`.
2026-04-17 09:57:11.977 Please replace `use_container_width` with `width`.

`use_container_width` will be removed after 2025-12-31.

For `use_container_width=True`, use `width='stretch'`. For `use_container_width=False`, use `width='content'`.
2026-04-17 09:57:11.986 Please replace `use_container_width` with `width`.

`use_container_width` will be removed after 2025-12-31.

For `use_container_width=True`, use `width='stretch'`. For `use_container_width=False`, use `width='content'`.
2026-04-17 09:57:11.999 Please replace `use_container_width` with `width`.

`use_container_width` will be removed after 2025-12-31.

For `use_container_width=True`, use `width='stretch'`. For `use_container_width=False`, use `width='content'`.
2026-04-17 09:57:41.243 Please replace `use_container_width` with `width`.

`use_container_width` will be removed after 2025-12-31.

For `use_container_width=True`, use `width='stretch'`. For `use_container_width=False`, use `width='content'`.
2026-04-17 09:57:42.535 Please replace `use_container_width` with `width`.

`use_container_width` will be removed after 2025-12-31.

For `use_container_width=True`, use `width='stretch'`. For `use_container_width=False`, use `width='content'`.
2026-04-17 09:57:42.569 Please replace `use_container_width` with `width`.

`use_container_width` will be removed after 2025-12-31.

For `use_container_width=True`, use `width='stretch'`. For `use_container_width=False`, use `width='content'`.
2026-04-17 09:57:42.579 Please replace `use_container_width` with `width`.

`use_container_width` will be removed after 2025-12-31.

For `use_container_width=True`, use `width='stretch'`. For `use_container_width=False`, use `width='content'`.
2026-04-17 09:57:42.591 Please replace `use_container_width` with `width`.

`use_container_width` will be removed after 2025-12-31.

For `use_container_width=True`, use `width='stretch'`. For `use_container_width=False`, use `width='content'`.
2026-04-17 09:57:46.042 Please replace `use_container_width` with `width`.

`use_container_width` will be removed after 2025-12-31.

For `use_container_width=True`, use `width='stretch'`. For `use_container_width=False`, use `width='content'`.
2026-04-17 09:57:46.076 Please replace `use_container_width` with `width`.

`use_container_width` will be removed after 2025-12-31.

For `use_container_width=True`, use `width='stretch'`. For `use_container_width=False`, use `width='content'`.
2026-04-17 09:57:46.085 Please replace `use_container_width` with `width`.

`use_container_width` will be removed after 2025-12-31.

For `use_container_width=True`, use `width='stretch'`. For `use_container_width=False`, use `width='content'`.
2026-04-17 09:57:46.097 Please replace `use_container_width` with `width`.

`use_container_width` will be removed after 2025-12-31.

For `use_container_width=True`, use `width='stretch'`. For `use_container_width=False`, use `width='content'`.
